main.c:87:10:GET_TIMER_CLK	32	static
main.c:141:5:changeTimerFrequency	72	static
main.c:201:7:map_clamped	56	static
main.c:215:6:UpdateMotorsFreq	48	static
main.c:245:5:main	8	static
main.c:320:6:SystemClock_Config	88	static
main.c:366:13:MX_TIM1_Init	96	static
main.c:441:13:MX_TIM3_Init	64	static
main.c:500:13:MX_TIM4_Init	64	static
main.c:559:13:MX_TIM5_Init	48	static
main.c:608:13:MX_TIM8_Init	96	static
main.c:683:13:MX_TIM12_Init	56	static
main.c:735:13:MX_USART2_UART_Init	8	static
main.c:768:13:MX_GPIO_Init	48	static
main.c:797:6:HAL_TIM_IC_CaptureCallback	16	static
main.c:802:6:HAL_TIM_PeriodElapsedCallback	16	static
main.c:812:6:SysTick_CallBack	8	static
main.c:850:6:Error_Handler	4	static,ignoring_inline_asm
